
  fn.   type   at.   n   l   m
    1 atomic     1   1   0   0
    2 hydro      1   2   0   0
    3 atomic     1   2   0   0
    4 atomic     1   2   1  -1
    5 atomic     1   2   1   0
    6 atomic     1   2   1   1
    7 hydro      1   2   1  -1
    8 hydro      1   2   1   0
    9 hydro      1   2   1   1
   10 hydro      1   3   2  -2
   11 hydro      1   3   2  -1
   12 hydro      1   3   2   0
   13 hydro      1   3   2   1
   14 hydro      1   3   2   2
   15 hydro      1   4   3  -3
   16 hydro      1   4   3  -2
   17 hydro      1   4   3  -1
   18 hydro      1   4   3   0
   19 hydro      1   4   3   1
   20 hydro      1   4   3   2
   21 hydro      1   4   3   3
   22 atomic     2   1   0   0
   23 hydro      2   2   0   0
   24 atomic     2   2   0   0
   25 atomic     2   2   1  -1
   26 atomic     2   2   1   0
   27 atomic     2   2   1   1
   28 hydro      2   2   1  -1
   29 hydro      2   2   1   0
   30 hydro      2   2   1   1
   31 hydro      2   3   2  -2
   32 hydro      2   3   2  -1
   33 hydro      2   3   2   0
   34 hydro      2   3   2   1
   35 hydro      2   3   2   2
   36 hydro      2   4   3  -3
   37 hydro      2   4   3  -2
   38 hydro      2   4   3  -1
   39 hydro      2   4   3   0
   40 hydro      2   4   3   1
   41 hydro      2   4   3   2
   42 hydro      2   4   3   3
