-0.316882306898618E+001
 0.238981273594168E+001
-0.525544592045831E+000
 0.226830798688058E+001
 0.203981769291350E+001
 0.169394340721272E+001
 0.819914470153598E+000
 0.236326617207655E+001
-0.311721101151355E-008
-0.746758118381911E-009
 0.863253147589687E-002
-0.187220345623378E-007
-0.426903656796777E-008
 0.431396261697555E-001
 0.300635736950836E-007
 0.682825405753354E-008
-0.552225989313173E-001
-0.126513890366188E-007
-0.292533238161709E-008
 0.217037543417924E-001
-0.181029832681232E-007
-0.432582672401832E-008
 0.301931374252599E-001
 0.133236749366388E-007
 0.334534989629009E-008
-0.222872219310137E-001
-0.801788358475846E-008
-0.204441442454062E-008
 0.135149333401085E-001
 0.190150767816132E-007
 0.483771079822989E-008
-0.319381420116661E-001
 0.297965143772186E-009
-0.982876203875529E-011
-0.523899444163261E-001
-0.613739215908717E-009
 0.166701284639299E-001
-0.207345004493197E-009
-0.155252264631497E-010
 0.111213163296163E-002
-0.897476913291659E-009
 0.309157102677955E-001
 0.335810850629903E-009
 0.693696505398708E-011
-0.169818737868870E-001
 0.386718810761442E-009
-0.120925611766294E-001
 0.358627657755188E-009
 0.570153458420462E-011
-0.155546261966223E-001
 0.320222569396002E-009
-0.956732760618287E-002
 0.500396546701074E-009
 0.760401933842380E-011
-0.210319513893902E-001
 0.448429716926972E-009
-0.148903891017956E-001
-0.168827236158906E-009
-0.387941053388006E-011
 0.102566850419445E-001
-0.239948719088127E-009
 0.979171319175794E-002
-0.142638319132138E-009
-0.543069634230317E-011
 0.140425939189832E-001
-0.335740090824375E-009
 0.147887368267560E-001
-0.315177577481972E-008
-0.233892428185655E-010
-0.163490324283769E-008
-0.703664499498752E-009
 0.260791121248495E-002
-0.340558271023232E-010
 0.689327666857724E-001
 0.336243951943108E-008
 0.279220203369227E-010
 0.176895234242850E-008
 0.807872703896127E-009
-0.248869868069235E-002
 0.372469523734642E-010
-0.311274949933971E-001
 0.183822429578596E-008
 0.166606465318903E-010
 0.972117052964846E-009
 0.468465123354479E-009
-0.125970292088396E-002
 0.211131018654141E-010
-0.933568580702363E-002
 0.282095179228713E-008
 0.277890236811547E-010
 0.148257638213840E-008
 0.761938896676419E-009
-0.186073199537991E-002
 0.350142569609596E-010
-0.103901862218273E-001
 0.269286286970355E-008
 0.292889158173183E-010
 0.139014427825370E-008
 0.780363177589611E-009
-0.166598574354471E-002
 0.382325887145634E-010
-0.662388033577746E-002
-0.195746915045046E-008
-0.230961162042522E-010
-0.985514282419777E-009
-0.601297992710515E-009
 0.112083481950347E-002
-0.319851324865496E-010
 0.335589627748803E-002
 0.972320287758670E-009
 0.386052041402081E-011
 0.534058846092788E-010
 0.501863094858660E-011
 0.205553028164092E-002
 0.520201900824921E-010
-0.892130887444132E-003
 0.181162719972310E-009
-0.658430883102944E-002
-0.566636791641432E-009
-0.247059710046397E-011
-0.266169005037495E-010
-0.320680013508860E-011
 0.469056464201643E-003
-0.347530046791938E-010
 0.359161621144795E-003
-0.115603816015376E-009
 0.284699278385904E-002
 0.745088800604393E-010
 0.439177247141965E-012
 0.423389628460920E-011
 0.869225941333910E-012
-0.518302053977398E-003
 0.992715188222713E-011
 0.593703850034598E-004
 0.228991400968040E-010
-0.244757585005253E-003
-0.832306933956891E-009
-0.389427838449828E-011
-0.391621983621579E-010
-0.551583764922753E-011
 0.165352430898496E-002
-0.613189490735915E-010
 0.290918016230131E-003
-0.186171202370427E-009
 0.395312755811565E-002
 0.374416810151952E-010
 0.226116539963173E-012
 0.287082338093597E-011
 0.619877783776613E-012
-0.321786491291212E-003
 0.666556045308490E-011
 0.432632110027972E-004
 0.127540467205196E-010
-0.130507451932918E-003
 0.351785844692921E-009
 0.171460915556823E-011
 0.184870736712361E-010
 0.307766445886772E-011
-0.111743862860355E-002
 0.331585442365299E-010
-0.361992606766726E-004
 0.856763717942072E-010
-0.161363686502493E-002
-0.229736423379843E-009
 0.300061102008767E-011
-0.638731413633817E-010
-0.145319499461592E-011
-0.626906850032392E-010
-0.380546626484445E-010
 0.781676102032440E-004
 0.242705617112791E-011
 0.382530471622016E-003
 0.100867341359119E-012
-0.139940593504847E-002
 0.322628150284654E-009
-0.403516304091106E-011
 0.100218978901667E-009
 0.168105725045778E-011
 0.108000384413640E-009
 0.486965468348240E-010
-0.148649756595283E-003
-0.287487953469456E-011
-0.209233900358142E-002
-0.359751645426066E-012
 0.226649980542002E-002
-0.292306738923624E-009
 0.426594026820503E-011
-0.742268896590223E-010
-0.231950045553242E-011
-0.682235443381062E-010
-0.573595334779546E-010
 0.820420966608335E-004
 0.405867228434540E-011
-0.146190403682309E-003
 0.106424782301943E-012
-0.159966477858682E-002
-0.104110092654132E-009
 0.135048742503075E-011
-0.280763219496683E-010
-0.674468020229724E-012
-0.263273502076008E-010
-0.172266016089810E-010
 0.317656087819439E-004
 0.108231102230384E-011
 0.944091688437487E-004
 0.246019588050701E-013
-0.609170046217199E-003
 0.151135697283793E-009
-0.231594515836962E-011
 0.378027870808572E-010
 0.128566011043453E-011
 0.352501161962141E-010
 0.317546685801660E-010
-0.425332754613772E-004
-0.237251963329596E-011
 0.140636372930576E-003
-0.843031418870107E-013
 0.815043906340690E-003
 0.123435540300791E-011
 0.225898388092980E-013
 0.524384733156285E-011
 0.148782164282568E-013
 0.230395627931138E-011
 0.485692584716359E-013
 0.433280961021625E-004
 0.675147244876933E-013
-0.507512029322428E-005
-0.389902733400396E-012
-0.234676481551545E-004
-0.163867346383298E-013
-0.213370721109006E-003
-0.546410516538172E-011
-0.201528730975459E-013
-0.205965156464151E-010
-0.335155289642517E-013
-0.100020270736058E-010
-0.169763915546859E-012
-0.227653242762089E-003
-0.465643409877663E-013
 0.253194073375181E-004
 0.181338931802080E-011
 0.128773353652627E-003
-0.156358210604603E-013
 0.128485561268147E-002
-0.373352867226919E-011
 0.727637250688581E-014
-0.112979511198029E-012
-0.285849520559940E-013
-0.289856574021261E-013
 0.419395376104322E-013
 0.759954073661789E-012
-0.722879656356752E-012
 0.149406742401372E-005
-0.187039230749193E-012
-0.420131394487158E-004
 0.405221286841395E-012
 0.339911996010447E-004
 0.791923259085913E-012
 0.309163613638626E-004
 0.678807363137765E-011
-0.124314506833291E-013
 0.789080709516157E-012
 0.326735291986623E-013
 0.675768859110538E-013
-0.297698700474747E-013
-0.220424357171127E-011
 0.116479527441552E-011
 0.503642314380332E-006
 0.171111930246656E-012
 0.964976170219420E-004
-0.537157521481606E-012
-0.498904508716057E-004
-0.116062033695044E-011
-0.695358953645447E-004
-0.455250636266687E-012
-0.149964355202380E-013
-0.929427419151039E-012
-0.417996507911391E-013
-0.733239621440413E-012
-0.117475990973295E-013
 0.118853782366617E-011
-0.477584785324095E-013
 0.563510641717030E-005
-0.482058502797441E-013
-0.392592356758660E-005
-0.986838967198021E-012
-0.169431098120334E-005
 0.306450402176055E-012
-0.197223933818744E-004
-0.901820489078856E-014
 0.265235945720704E-004
-0.313285070113329E+001
 0.238107380654269E+001
-0.501195291578127E+000
 0.233813727523347E+001
 0.222786597013316E+001
 0.193636333814292E+001
 0.971553061351812E+000
 0.276924306554464E+001
-0.103472039068251E-008
 0.822091947293627E-009
-0.820680863466475E-002
-0.425680067039871E-008
 0.450557994962607E-008
-0.380521087658585E-001
 0.486553548865188E-008
-0.697173463696587E-008
 0.451896588598102E-001
-0.181861148438776E-008
 0.304560541576905E-008
-0.180541891739838E-001
-0.244076375032126E-008
 0.432974208096612E-008
-0.248789805263101E-001
 0.911439385195218E-009
-0.160311585614803E-008
 0.927030443690424E-002
 0.348271139997546E-008
-0.591371328809796E-008
 0.348038554728019E-001
 0.675014726318498E-008
 0.537919645240041E-010
-0.892183266315080E-001
-0.479013217365705E-009
 0.213663456140590E-001
 0.847823794254258E-008
 0.815581521523683E-010
-0.383876462361706E-001
-0.680636524500709E-009
 0.357752257496517E-001
-0.326102447915814E-008
-0.370845511059827E-010
-0.250189623828749E-002
 0.293980129456479E-009
-0.139930963723835E-001
-0.244985429122228E-008
-0.296694143134159E-010
-0.426964513792098E-002
 0.230466517642230E-009
-0.104553573291332E-001
-0.381427212335329E-008
-0.422763045517500E-010
-0.533727357489031E-002
 0.342476517200055E-009
-0.166923567215223E-001
 0.229145909675892E-008
 0.204549815443529E-010
 0.718535722047906E-003
-0.184300628052843E-009
 0.105394535881995E-001
 0.336346256583587E-008
 0.271426330353823E-010
-0.305916810132454E-003
-0.258762200070193E-009
 0.158223402822413E-001
 0.327690368270967E-008
-0.145804262289481E-010
 0.224300089684265E-009
 0.665375434031903E-009
-0.234283662363239E-002
 0.128762311213378E-009
-0.779387452839432E-001
-0.352254396801262E-008
 0.155203779302524E-010
-0.294158512081586E-009
-0.748294646420063E-009
 0.199516716072057E-002
-0.150788028178533E-009
 0.381442059892376E-001
-0.198183328063362E-008
 0.865235276588520E-011
-0.186700990108710E-009
-0.436463291038751E-009
 0.929212487008660E-003
-0.905939784386702E-010
 0.123162419845924E-001
-0.302593753504185E-008
 0.130917129872028E-010
-0.308408452343512E-009
-0.690575746701201E-009
 0.129640666709872E-002
-0.147707488127405E-009
 0.130554031967399E-001
-0.291386043734072E-008
 0.124764672245924E-010
-0.319064443021326E-009
-0.696135812077761E-009
 0.113949838417407E-002
-0.154667163437164E-009
 0.748520766602559E-002
 0.211573801975569E-008
-0.898187782385993E-011
 0.242320258497999E-009
 0.527053572584375E-009
-0.769902387734856E-003
 0.120938755724503E-009
-0.303811467837864E-002
 0.130625456541995E-008
-0.362699027983279E-011
-0.161950708839427E-009
-0.648533739439622E-011
 0.531604273769528E-002
 0.338213943852718E-010
-0.101103342638615E-002
 0.145678511195727E-009
-0.662032938748254E-002
-0.824772479887892E-009
 0.238212197620867E-011
 0.749693306442862E-010
 0.498379195731100E-011
-0.139227689262401E-002
-0.240357514661828E-010
 0.460200256539858E-003
-0.952381395546694E-010
 0.297806305029959E-002
 0.151210467860861E-009
-0.477527022054960E-012
-0.651839644448065E-011
-0.181601756817261E-011
-0.299306434998226E-003
 0.705491452871989E-011
 0.256254937029029E-004
 0.149934765727107E-010
-0.318281647566255E-003
-0.115897951580484E-008
 0.344002236666980E-011
 0.849524986676167E-010
 0.865142214586016E-011
-0.777328443847944E-003
-0.384897414997733E-010
 0.418352523402078E-003
-0.131316934934467E-009
 0.369911093488314E-002
 0.108688042984159E-009
-0.336269580502688E-012
-0.851271270428031E-011
-0.141364162354687E-011
-0.184607342743250E-003
 0.554607174336715E-011
 0.125897876089837E-004
 0.933684661822549E-011
-0.269532775285081E-003
 0.494333400745204E-009
-0.148024135097260E-011
-0.413710701838489E-010
-0.474665578294846E-011
-0.747093563747221E-004
 0.200512942686470E-010
-0.105369095290279E-003
 0.500120226559154E-010
-0.148052403902050E-002
-0.809912904427254E-010
 0.236476302884305E-011
 0.808632008829574E-010
-0.109426704324280E-011
 0.780129872813441E-011
 0.323967516911720E-010
-0.472088680511900E-004
 0.750092995055673E-011
-0.104642166436975E-002
 0.508475144212254E-011
 0.121333011266190E-002
 0.852513584883858E-010
-0.296505091927122E-011
-0.124316692287855E-009
 0.157532976072809E-011
-0.203224535646875E-011
-0.414234132124472E-010
 0.109541992473464E-003
-0.976380866348133E-011
 0.320934723607427E-002
-0.596193567380955E-011
-0.201458708876657E-002
-0.130299503327623E-009
 0.361349238345064E-011
 0.952944846730823E-010
-0.151897466095657E-011
 0.222590653854667E-010
 0.464843080662088E-010
-0.545658003900660E-004
 0.104304037648287E-010
-0.618879941558943E-003
 0.869074150398138E-011
 0.137169199809501E-002
-0.332597017215030E-010
 0.915691670232119E-012
 0.314655550062930E-010
-0.408245300382185E-012
 0.306057048821576E-011
 0.128483609621278E-010
-0.146567849605072E-004
 0.296285026754204E-011
-0.342271082315941E-003
 0.195424765121237E-011
 0.460839322303372E-003
 0.685801190049863E-010
-0.194370081099164E-011
-0.470452172711893E-010
 0.817239492743281E-012
-0.133696690769769E-010
-0.241002978031881E-010
 0.302239600088630E-004
-0.537682474151023E-011
 0.250170764946199E-003
-0.478549397708155E-011
-0.678925634615674E-003
 0.248114223940347E-011
-0.757748389764378E-013
-0.495091749385263E-012
-0.113142195846728E-013
-0.283666762471702E-011
-0.162277704469663E-013
 0.610514454622867E-004
 0.258509519383822E-012
-0.903530421191904E-005
-0.109791812575360E-012
-0.201416054850392E-004
 0.132455495281782E-012
-0.243690175043851E-003
-0.103479877719663E-010
 0.249155755982576E-012
 0.136906720421772E-011
 0.337084384078865E-013
 0.107404435080632E-010
 0.125833634733280E-013
-0.303702837357359E-003
-0.576468391168189E-012
 0.387775166820091E-004
 0.139523909663970E-011
 0.124123742088376E-003
-0.355857297785141E-012
 0.143720926750363E-002
-0.202099514585694E-011
 0.140632757425158E-014
-0.206398792379246E-011
 0.166543525399183E-013
-0.110398091700481E-011
 0.322447350123837E-013
 0.426410754523195E-011
-0.197742511865681E-012
-0.939229645362623E-005
-0.231310624011883E-012
 0.450050581862297E-004
-0.132955732507623E-012
-0.336217870056785E-004
 0.622096441476756E-013
-0.256750158252294E-004
 0.305678428729306E-011
-0.293515948573670E-014
 0.375091655582005E-011
-0.370750811302191E-013
 0.161686774616599E-011
-0.381540549566500E-013
-0.631994565642308E-011
-0.139079592378693E-012
 0.107982657549188E-004
 0.295499245318305E-012
-0.105269927094529E-003
 0.106027273664778E-012
 0.502617738618935E-004
 0.202799647456113E-012
 0.638091525279747E-004
 0.374169040856424E-011
-0.559481737112618E-014
 0.927948414533583E-013
 0.454491611954834E-013
-0.230978808982234E-011
 0.977421175168953E-014
-0.230753430407846E-011
 0.469947640206732E-013
-0.696524747087071E-005
 0.107473361586207E-012
-0.758291162857366E-005
-0.317090185020271E-012
 0.132289561864992E-005
 0.471717096913496E-013
-0.225407529008409E-004
-0.224460279887320E-012
 0.275815064347603E-004
